[{"age": {"nat":32}, "company": 101, "name": "John Doe", "pid": 1, "salary": 1000}, {"age": {"nat":32}, "company": 103, "name": "Jane Doe", "pid": 2, "salary": 1500}, {"age": {"nat":34}, "company": 101, "name": "Jim Does", "pid": 3, "salary": 800}, {"age": {"nat":32}, "company": 102, "name": "Jill Does", "pid": 4, "salary": 1000}, {"age": {"nat":34}, "company": 101, "name": "Joan Doe", "pid": 5, "salary": 900}, {"age": {"nat":35}, "company": 103, "name": "James Do", "pid": 6, "salary": 1200}]