[{"age": {"nat":32}, "company": 101, "name": "John Doe", "pid": 1, "salary": 1000}, {"age": {"nat":32}, "company": 103, "name": "Jane Doe", "pid": 2, "salary": 1500}, {"age": {"nat":32}, "company": 102, "name": "Jill Does", "pid": 4, "salary": 1000}, {"age": {"nat":32}, "company": 101, "name": "John Doe", "pid": 1, "salary": 1000}, {"age": {"nat":32}, "company": 103, "name": "Jane Doe", "pid": 2, "salary": 1500}, {"age": {"nat":32}, "company": 102, "name": "Jill Does", "pid": 4, "salary": 1000}]