[["Client Librettos are Us has marketers []", "Client We Got Dough has marketers []", "Client Croissant City has marketers []", "Client Tomatoe Paradise has marketers [Jill Does]", "Client Have Potatoes, Will Travel has marketers [Jill Does]", "Client Stillettos are Us has marketers []"]]